// Jest Snapshot v1, https://goo.gl/fbAQLP

exports[`Reputation should render correctly 1`] = `
<span
  className="reputation-container"
>
  <span
    className="left-rating bg-secondary"
  >
     
    <RatingIcon
      isPositiveRating={true}
      onClick={[Function]}
    />
  </span>
  <span
    className="right-rating bg-secondary"
  >
     
    <RatingIcon
      isPositiveRating={false}
      onClick={[Function]}
    />
  </span>
</span>
`;
