// Jest Snapshot v1, https://goo.gl/fbAQLP

exports[`MarginSelectorForm should render correctly 1`] = `
<Form(t)
  onSubmit={[Function]}
>
  <h2
    className="mb-4"
  />
  <span>
    Selling Price
  </span>
  <p
    className="font-weight-bold"
  >
    1 
    SNT
     = 
    140.0000
     
    USD
  </p>
  <FormGroup
    className="mb-0"
    tag="div"
  >
    <Row
      tag="div"
      widths={
        Array [
          "xs",
          "sm",
          "md",
          "lg",
          "xl",
        ]
      }
    >
      <Col
        md={9}
        sm={9}
        tag="div"
        widths={
          Array [
            "xs",
            "sm",
            "md",
            "lg",
            "xl",
          ]
        }
        xs={8}
      >
        <ComponentEnhancer(undefined)
          activeDotStyle={Object {}}
          className="mb-3 p-4"
          defaultValue={1}
          disabled={false}
          dotStyle={Object {}}
          dots={false}
          handle={[Function]}
          handleStyle={
            Array [
              Object {},
            ]
          }
          included={true}
          marks={Object {}}
          max={100}
          min={-99}
          onAfterChange={[Function]}
          onBeforeChange={[Function]}
          onChange={[Function]}
          prefixCls="rc-slider"
          railStyle={Object {}}
          reverse={false}
          step={1}
          trackStyle={
            Array [
              Object {},
            ]
          }
          value={0}
          vertical={false}
        />
      </Col>
      <Col
        md={3}
        sm={3}
        tag="div"
        widths={
          Array [
            "xs",
            "sm",
            "md",
            "lg",
            "xl",
          ]
        }
        xs={4}
      >
        <InputGroup
          className="full-width-input margin-input"
          tag="div"
        >
          <Control(s)
            className="form-control prepend"
            data-maxvalue={32767}
            data-minvalue={-99}
            id="margin"
            name="margin"
            onChange={[Function]}
            placeholder="1"
            type="number"
            validations={
              Array [
                [Function],
                [Function],
                [Function],
                [Function],
              ]
            }
            value={0}
          />
          <InputGroupAddon
            addonType="append"
            tag="div"
          >
            <InputGroupText
              tag="span"
            >
              %
            </InputGroupText>
          </InputGroupAddon>
        </InputGroup>
      </Col>
    </Row>
  </FormGroup>
  <div
    className="infos-and-warnings mt-4"
  >
    <Row
      noGutters={true}
      tag="div"
      widths={
        Array [
          "xs",
          "sm",
          "md",
          "lg",
          "xl",
        ]
      }
    >
      <Col
        tag="div"
        widths={
          Array [
            "xs",
            "sm",
            "md",
            "lg",
            "xl",
          ]
        }
      >
        <RoundedIcon
          bgColor="secondary"
          className="mr-2 float-left"
          image="test-file-stub"
          size="sm"
        />
        <p
          className="info text-muted"
        >
          A positive margin means you sell assets for more than they are worth.
        </p>
      </Col>
    </Row>
    <Row
      className="mt-1"
      noGutters={true}
      tag="div"
      widths={
        Array [
          "xs",
          "sm",
          "md",
          "lg",
          "xl",
        ]
      }
    >
      <Col
        tag="div"
        widths={
          Array [
            "xs",
            "sm",
            "md",
            "lg",
            "xl",
          ]
        }
      >
        <RoundedIcon
          bgColor="secondary"
          className="mr-2 float-left"
          image="test-file-stub"
          size="sm"
        />
        <p
          className="info text-muted"
        >
          Sellers typically choose a margin of roughly 2% above the market price.
        </p>
      </Col>
    </Row>
    <Row
      className="mt-1"
      noGutters={true}
      tag="div"
      widths={
        Array [
          "xs",
          "sm",
          "md",
          "lg",
          "xl",
        ]
      }
    >
      <Col
        tag="div"
        widths={
          Array [
            "xs",
            "sm",
            "md",
            "lg",
            "xl",
          ]
        }
      >
        <RoundedIcon
          bgColor="secondary"
          className="mr-2 float-left"
          image="test-file-stub"
          size="sm"
        />
        <p
          className="info text-muted"
        >
          Prices come from www.cryptocompare.com
        </p>
      </Col>
    </Row>
  </div>
</Form(t)>
`;
